于谨宁 上海市上海中学（本部）
于谨赫 上海市上海中学（本部）
何智悦 上海交通大学附属中学（本部）
傅致远 复旦大学附属中学（浦东分校）
刘辰骢 华东师范大学第二附属中学（本部）
包丞泽 上海市曹杨第二中学（本部）
卓成杰 上海市曹杨第二中学国际课程班
叶彦哲 上海市曹杨第二中学国际课程班
吴明轩 上海交通大学附属中学（本部）
夏瑞成 上海市上海中学（本部）
夏蔚民 上海市上海中学（本部）
姜博闻 华东师范大学第二附属中学（本部）
孙义淼 华东师范大学第二附属中学（本部）
张子淳 复旦大学附属中学（浦东分校）
张柏伦 上海市上海中学（本部）
曾张翔 上海市上海中学（本部）
李明泽 上海交通大学附属中学（本部）
李烨霖 上海市曹杨第二中学国际课程班
王涵宇 上海市曹杨第二中学（本部）
王知行 复旦大学附属中学（浦东分校）
王韬淳 上海市曹杨第二中学国际课程班
罗悉哲 复旦大学附属中学（浦东分校）
范苇林 上海市曹杨第二中学国际课程班
蒋周运 上海市曹杨第二中学国际课程班
蒋文博 复旦大学附属中学（浦东分校）
薛燃 上海市上海中学（本部）
陈泽聪 上海市曹杨第二中学国际课程班
顾奕 上海市嘉定区第一中学
顾轩 上海市紫竹园中学
马翔宇 华东师范大学第二附属中学（紫竹校区）
魏泽全 上海市上海中学（本部）
齐奕翔 华东师范大学第二附属中学（闵行校区）